2026-04-21 22:42:30 [main] INFO  com.example.auth.AuthApplication - Starting AuthApplication using Java 25.0.2 with PID 19848 (/Users/muneswar/github-repos/MunnaTechs/EmployeeDetails/backend/target/classes started by muneswar in /Users/muneswar/github-repos/MunnaTechs/EmployeeDetails/backend)
2026-04-21 22:42:30 [main] DEBUG com.example.auth.AuthApplication - Running with Spring Boot v3.5.0, Spring v6.2.7
2026-04-21 22:42:30 [main] INFO  com.example.auth.AuthApplication - No active profile set, falling back to 1 default profile: "default"
2026-04-21 22:42:31 [main] INFO  o.s.d.r.c.RepositoryConfigurationDelegate - Bootstrapping Spring Data JPA repositories in DEFAULT mode.
2026-04-21 22:42:31 [main] INFO  o.s.d.r.c.RepositoryConfigurationDelegate - Finished Spring Data repository scanning in 14 ms. Found 8 JPA repository interfaces.
2026-04-21 22:42:31 [main] INFO  o.s.b.w.e.tomcat.TomcatWebServer - Tomcat initialized with port 8080 (http)
2026-04-21 22:42:31 [main] INFO  o.a.catalina.core.StandardService - Starting service [Tomcat]
2026-04-21 22:42:31 [main] INFO  o.a.catalina.core.StandardEngine - Starting Servlet engine: [Apache Tomcat/10.1.41]
2026-04-21 22:42:31 [main] INFO  o.a.c.c.C.[.[.[/village/potumeraka] - Initializing Spring embedded WebApplicationContext
2026-04-21 22:42:31 [main] INFO  o.s.b.w.s.c.ServletWebServerApplicationContext - Root WebApplicationContext: initialization completed in 378 ms
2026-04-21 22:42:31 [main] INFO  o.h.jpa.internal.util.LogHelper - HHH000204: Processing PersistenceUnitInfo [name: default]
2026-04-21 22:42:31 [main] INFO  org.hibernate.Version - HHH000412: Hibernate ORM core version 6.6.15.Final
2026-04-21 22:42:31 [main] INFO  o.h.c.i.RegionFactoryInitiator - HHH000026: Second-level cache disabled
2026-04-21 22:42:31 [main] INFO  o.s.o.j.p.SpringPersistenceUnitInfo - No LoadTimeWeaver setup: ignoring JPA class transformer
2026-04-21 22:42:31 [main] INFO  com.zaxxer.hikari.HikariDataSource - HikariPool-1 - Starting...
2026-04-21 22:42:31 [main] INFO  com.zaxxer.hikari.pool.HikariPool - HikariPool-1 - Added connection org.postgresql.jdbc.PgConnection@6598caab
2026-04-21 22:42:31 [main] INFO  com.zaxxer.hikari.HikariDataSource - HikariPool-1 - Start completed.
2026-04-21 22:42:31 [main] WARN  org.hibernate.orm.deprecation - HHH90000025: PostgreSQLDialect does not need to be specified explicitly using 'hibernate.dialect' (remove the property setting and it will be selected by default)
2026-04-21 22:42:31 [main] INFO  o.hibernate.orm.connections.pooling - HHH10001005: Database info:
	Database JDBC URL [Connecting through datasource 'HikariDataSource (HikariPool-1)']
	Database driver: undefined/unknown
	Database version: 17.9
	Autocommit mode: undefined/unknown
	Isolation level: undefined/unknown
	Minimum pool size: undefined/unknown
	Maximum pool size: undefined/unknown
2026-04-21 22:42:32 [main] INFO  o.h.e.t.j.p.i.JtaPlatformInitiator - HHH000489: No JTA platform available (set 'hibernate.transaction.jta.platform' to enable JTA platform integration)
2026-04-21 22:42:32 [main] INFO  o.s.o.j.LocalContainerEntityManagerFactoryBean - Initialized JPA EntityManagerFactory for persistence unit 'default'
2026-04-21 22:42:32 [main] INFO  o.s.d.j.r.query.QueryEnhancerFactory - Hibernate is in classpath; If applicable, HQL parser will be used.
2026-04-21 22:42:32 [main] WARN  o.s.b.a.o.j.JpaBaseConfiguration$JpaWebConfiguration - spring.jpa.open-in-view is enabled by default. Therefore, database queries may be performed during view rendering. Explicitly configure spring.jpa.open-in-view to disable this warning
2026-04-21 22:42:32 [main] DEBUG o.s.w.s.m.m.a.RequestMappingHandlerMapping - 49 mappings in 'requestMappingHandlerMapping'
2026-04-21 22:42:32 [main] DEBUG o.s.w.s.h.SimpleUrlHandlerMapping - Patterns [/webjars/**, /**] in 'resourceHandlerMapping'
2026-04-21 22:42:32 [main] WARN  o.s.b.a.s.s.UserDetailsServiceAutoConfiguration - 

Using generated security password: 4b4b7832-88e9-4f21-a2ab-478134a0fddf

This generated password is for development use only. Your security configuration must be updated before running your application in production.

2026-04-21 22:42:32 [main] INFO  o.s.s.c.a.a.c.InitializeUserDetailsBeanManagerConfigurer$InitializeUserDetailsManagerConfigurer - Global AuthenticationManager configured with UserDetailsService bean with name inMemoryUserDetailsManager
2026-04-21 22:42:32 [main] DEBUG o.s.w.s.m.m.a.RequestMappingHandlerAdapter - ControllerAdvice beans: 0 @ModelAttribute, 0 @InitBinder, 1 RequestBodyAdvice, 1 ResponseBodyAdvice
2026-04-21 22:42:32 [main] DEBUG o.s.w.s.m.m.a.ExceptionHandlerExceptionResolver - ControllerAdvice beans: 0 @ExceptionHandler, 1 ResponseBodyAdvice
2026-04-21 22:42:32 [main] INFO  o.s.b.w.e.tomcat.TomcatWebServer - Tomcat started on port 8080 (http) with context path '/village/potumeraka'
2026-04-21 22:42:32 [main] INFO  com.example.auth.AuthApplication - Started AuthApplication in 1.895 seconds (process running for 2.0)
2026-04-21 22:43:24 [http-nio-8080-exec-1] INFO  o.a.c.c.C.[.[.[/village/potumeraka] - Initializing Spring DispatcherServlet 'dispatcherServlet'
2026-04-21 22:43:24 [http-nio-8080-exec-1] INFO  o.s.web.servlet.DispatcherServlet - Initializing Servlet 'dispatcherServlet'
2026-04-21 22:43:24 [http-nio-8080-exec-1] DEBUG o.s.web.servlet.DispatcherServlet - Detected StandardServletMultipartResolver
2026-04-21 22:43:24 [http-nio-8080-exec-1] DEBUG o.s.web.servlet.DispatcherServlet - Detected AcceptHeaderLocaleResolver
2026-04-21 22:43:24 [http-nio-8080-exec-1] DEBUG o.s.web.servlet.DispatcherServlet - Detected FixedThemeResolver
2026-04-21 22:43:24 [http-nio-8080-exec-1] DEBUG o.s.web.servlet.DispatcherServlet - Detected org.springframework.web.servlet.view.DefaultRequestToViewNameTranslator@68abf2ad
2026-04-21 22:43:24 [http-nio-8080-exec-1] DEBUG o.s.web.servlet.DispatcherServlet - Detected org.springframework.web.servlet.support.SessionFlashMapManager@26bd2d7d
2026-04-21 22:43:24 [http-nio-8080-exec-1] DEBUG o.s.web.servlet.DispatcherServlet - enableLoggingRequestDetails='false': request parameters and headers will be masked to prevent unsafe logging of potentially sensitive data
2026-04-21 22:43:24 [http-nio-8080-exec-1] INFO  o.s.web.servlet.DispatcherServlet - Completed initialization in 2 ms
2026-04-21 22:43:24 [http-nio-8080-exec-2] DEBUG o.s.web.servlet.DispatcherServlet - POST "/village/potumeraka/auth/login", parameters={}
2026-04-21 22:43:24 [http-nio-8080-exec-2] DEBUG o.s.w.s.m.m.a.RequestMappingHandlerMapping - Mapped to com.example.auth.AuthController#login(Map)
2026-04-21 22:43:24 [http-nio-8080-exec-2] DEBUG o.s.w.s.m.m.a.RequestResponseBodyMethodProcessor - Read "application/json;charset=UTF-8" to [{email=mrao.mathi@gmail.com, password=Mrao@123}]
2026-04-21 22:43:24 [http-nio-8080-exec-2] INFO  com.example.auth.AuthController - Login attempt for email: mrao.mathi@gmail.com
2026-04-21 22:43:24 [http-nio-8080-exec-2] DEBUG org.hibernate.SQL - select u1_0.id,u1_0.email,u1_0.first_name,u1_0.last_name,u1_0.password,u1_0.phone_number from users u1_0 where u1_0.email=?
2026-04-21 22:43:24 [http-nio-8080-exec-2] INFO  com.example.auth.AuthController - Login successful for email: mrao.mathi@gmail.com
2026-04-21 22:43:24 [http-nio-8080-exec-2] DEBUG o.s.w.s.m.m.a.HttpEntityMethodProcessor - Using 'application/json', given [application/json, text/plain, */*] and supported [application/json, application/*+json]
2026-04-21 22:43:24 [http-nio-8080-exec-2] DEBUG o.s.w.s.m.m.a.HttpEntityMethodProcessor - Writing [{firstName=Muneswara Rao, lastName=Mathi, email=mrao.mathi@gmail.com, token=eyJhbGciOiJIUzI1NiJ9.eyJ (truncated)...]
2026-04-21 22:43:24 [http-nio-8080-exec-2] DEBUG o.s.web.servlet.DispatcherServlet - Completed 200 OK
2026-04-21 22:43:24 [http-nio-8080-exec-3] DEBUG o.s.web.servlet.DispatcherServlet - GET "/village/potumeraka/personalDetails/showPersonalInfo/mrao.mathi@gmail.com", parameters={}
2026-04-21 22:43:24 [http-nio-8080-exec-3] DEBUG o.s.w.s.m.m.a.RequestMappingHandlerMapping - Mapped to com.example.personal.PersonalInfoController#getPersonalInfoByEmail(String)
2026-04-21 22:43:24 [http-nio-8080-exec-3] DEBUG c.e.personal.PersonalInfoController - Fetching personalInfo by email
2026-04-21 22:43:24 [http-nio-8080-exec-3] DEBUG org.hibernate.SQL - select pi1_0.id,pi1_0.email,pi1_0.first_name,pi1_0.last_name,pi1_0.phone_number from personal_details pi1_0 where pi1_0.email=?
2026-04-21 22:43:24 [http-nio-8080-exec-3] INFO  c.e.personal.PersonalInfoController - Retrieved 1 personalInfo
2026-04-21 22:43:24 [http-nio-8080-exec-3] DEBUG o.s.w.s.m.m.a.HttpEntityMethodProcessor - Using 'application/json', given [application/json, text/plain, */*] and supported [application/json, application/*+json]
2026-04-21 22:43:24 [http-nio-8080-exec-3] DEBUG o.s.w.s.m.m.a.HttpEntityMethodProcessor - Writing [[com.example.personal.PersonalInfo@252a032d]]
2026-04-21 22:43:24 [http-nio-8080-exec-3] DEBUG o.s.web.servlet.DispatcherServlet - Completed 200 OK
2026-04-21 22:43:33 [http-nio-8080-exec-4] DEBUG o.s.web.servlet.DispatcherServlet - GET "/village/potumeraka/expenses/showExpenses", parameters={}
2026-04-21 22:43:33 [http-nio-8080-exec-5] DEBUG o.s.web.servlet.DispatcherServlet - GET "/village/potumeraka/activities/showActivities", parameters={}
2026-04-21 22:43:33 [http-nio-8080-exec-4] DEBUG o.s.w.s.m.m.a.RequestMappingHandlerMapping - Mapped to com.example.expenses.ExpenseController#getAllExpenses()
2026-04-21 22:43:33 [http-nio-8080-exec-5] DEBUG o.s.w.s.m.m.a.RequestMappingHandlerMapping - Mapped to com.example.activities.ActivityController#getAllActivities()
2026-04-21 22:43:33 [http-nio-8080-exec-4] DEBUG c.example.expenses.ExpenseController - Fetching all expenses
2026-04-21 22:43:33 [http-nio-8080-exec-5] DEBUG c.e.activities.ActivityController - Fetching all activities
2026-04-21 22:43:33 [http-nio-8080-exec-4] DEBUG org.hibernate.SQL - select e1_0.id,e1_0.activity_name,e1_0.amount,e1_0.date,e1_0.description,e1_0.name from expenses e1_0
2026-04-21 22:43:33 [http-nio-8080-exec-5] DEBUG org.hibernate.SQL - select a1_0.id,a1_0.activity_name,a1_0.description,a1_0.end_date,a1_0.estimation_cost,a1_0.start_date from activities a1_0
2026-04-21 22:43:33 [http-nio-8080-exec-4] INFO  c.example.expenses.ExpenseController - Retrieved 4 expenses
2026-04-21 22:43:33 [http-nio-8080-exec-5] INFO  c.e.activities.ActivityController - Retrieved 2 activities
2026-04-21 22:43:33 [http-nio-8080-exec-4] DEBUG o.s.w.s.m.m.a.HttpEntityMethodProcessor - Using 'application/json', given [application/json, text/plain, */*] and supported [application/json, application/*+json]
2026-04-21 22:43:33 [http-nio-8080-exec-5] DEBUG o.s.w.s.m.m.a.HttpEntityMethodProcessor - Using 'application/json', given [application/json, text/plain, */*] and supported [application/json, application/*+json]
2026-04-21 22:43:33 [http-nio-8080-exec-4] DEBUG o.s.w.s.m.m.a.HttpEntityMethodProcessor - Writing [[com.example.expenses.Expense@6a7b48e8, com.example.expenses.Expense@444f5f1, com.example.expenses.E (truncated)...]
2026-04-21 22:43:33 [http-nio-8080-exec-5] DEBUG o.s.w.s.m.m.a.HttpEntityMethodProcessor - Writing [[com.example.activities.Activity@46f38547, com.example.activities.Activity@6ec59581]]
2026-04-21 22:43:33 [http-nio-8080-exec-5] DEBUG o.s.web.servlet.DispatcherServlet - Completed 200 OK
2026-04-21 22:43:33 [http-nio-8080-exec-4] DEBUG o.s.web.servlet.DispatcherServlet - Completed 200 OK
2026-04-21 22:43:45 [http-nio-8080-exec-6] DEBUG o.s.web.servlet.DispatcherServlet - GET "/village/potumeraka/activities/showActivities", parameters={}
2026-04-21 22:43:45 [http-nio-8080-exec-7] DEBUG o.s.web.servlet.DispatcherServlet - GET "/village/potumeraka/contributions/showContributions", parameters={}
2026-04-21 22:43:45 [http-nio-8080-exec-6] DEBUG o.s.w.s.m.m.a.RequestMappingHandlerMapping - Mapped to com.example.activities.ActivityController#getAllActivities()
2026-04-21 22:43:45 [http-nio-8080-exec-7] DEBUG o.s.w.s.m.m.a.RequestMappingHandlerMapping - Mapped to com.example.contributions.ContributionController#getAllContributions(String)
2026-04-21 22:43:45 [http-nio-8080-exec-6] DEBUG c.e.activities.ActivityController - Fetching all activities
2026-04-21 22:43:45 [http-nio-8080-exec-8] DEBUG o.s.web.servlet.DispatcherServlet - GET "/village/potumeraka/expenses/showExpenses", parameters={}
2026-04-21 22:43:45 [http-nio-8080-exec-8] DEBUG o.s.w.s.m.m.a.RequestMappingHandlerMapping - Mapped to com.example.expenses.ExpenseController#getAllExpenses()
2026-04-21 22:43:45 [http-nio-8080-exec-8] DEBUG c.example.expenses.ExpenseController - Fetching all expenses
2026-04-21 22:43:45 [http-nio-8080-exec-6] DEBUG org.hibernate.SQL - select a1_0.id,a1_0.activity_name,a1_0.description,a1_0.end_date,a1_0.estimation_cost,a1_0.start_date from activities a1_0
2026-04-21 22:43:45 [http-nio-8080-exec-8] DEBUG org.hibernate.SQL - select e1_0.id,e1_0.activity_name,e1_0.amount,e1_0.date,e1_0.description,e1_0.name from expenses e1_0
2026-04-21 22:43:45 [http-nio-8080-exec-7] DEBUG c.e.c.ContributionController - Fetching all contributions
2026-04-21 22:43:45 [http-nio-8080-exec-6] INFO  c.e.activities.ActivityController - Retrieved 2 activities
2026-04-21 22:43:45 [http-nio-8080-exec-8] INFO  c.example.expenses.ExpenseController - Retrieved 4 expenses
2026-04-21 22:43:45 [http-nio-8080-exec-7] DEBUG org.hibernate.SQL - select c1_0.id,c1_0.activity_name,c1_0.amount,c1_0.date,c1_0.email,c1_0.name,c1_0.phone_number from contributions c1_0
2026-04-21 22:43:45 [http-nio-8080-exec-8] DEBUG o.s.w.s.m.m.a.HttpEntityMethodProcessor - Using 'application/json', given [application/json, text/plain, */*] and supported [application/json, application/*+json]
2026-04-21 22:43:45 [http-nio-8080-exec-6] DEBUG o.s.w.s.m.m.a.HttpEntityMethodProcessor - Using 'application/json', given [application/json, text/plain, */*] and supported [application/json, application/*+json]
2026-04-21 22:43:45 [http-nio-8080-exec-6] DEBUG o.s.w.s.m.m.a.HttpEntityMethodProcessor - Writing [[com.example.activities.Activity@6ae81ac3, com.example.activities.Activity@2d6e2540]]
2026-04-21 22:43:45 [http-nio-8080-exec-8] DEBUG o.s.w.s.m.m.a.HttpEntityMethodProcessor - Writing [[com.example.expenses.Expense@6fc3a05c, com.example.expenses.Expense@3c8b3f6a, com.example.expenses. (truncated)...]
2026-04-21 22:43:45 [http-nio-8080-exec-6] DEBUG o.s.web.servlet.DispatcherServlet - Completed 200 OK
2026-04-21 22:43:45 [http-nio-8080-exec-8] DEBUG o.s.web.servlet.DispatcherServlet - Completed 200 OK
2026-04-21 22:43:45 [http-nio-8080-exec-7] INFO  c.e.c.ContributionController - Retrieved 4 contributions
2026-04-21 22:43:45 [http-nio-8080-exec-7] DEBUG o.s.w.s.m.m.a.HttpEntityMethodProcessor - Using 'application/json', given [application/json, text/plain, */*] and supported [application/json, application/*+json]
2026-04-21 22:43:45 [http-nio-8080-exec-7] DEBUG o.s.w.s.m.m.a.HttpEntityMethodProcessor - Writing [[com.example.contributions.Contribution@2406857, com.example.contributions.Contribution@37ea91a5, co (truncated)...]
2026-04-21 22:43:45 [http-nio-8080-exec-7] DEBUG o.s.web.servlet.DispatcherServlet - Completed 200 OK
2026-04-21 22:44:04 [http-nio-8080-exec-10] DEBUG o.s.web.servlet.DispatcherServlet - GET "/village/potumeraka/activities/showActivities", parameters={}
2026-04-21 22:44:04 [http-nio-8080-exec-9] DEBUG o.s.web.servlet.DispatcherServlet - GET "/village/potumeraka/expenses/showExpenses", parameters={}
2026-04-21 22:44:04 [http-nio-8080-exec-10] DEBUG o.s.w.s.m.m.a.RequestMappingHandlerMapping - Mapped to com.example.activities.ActivityController#getAllActivities()
2026-04-21 22:44:04 [http-nio-8080-exec-9] DEBUG o.s.w.s.m.m.a.RequestMappingHandlerMapping - Mapped to com.example.expenses.ExpenseController#getAllExpenses()
2026-04-21 22:44:04 [http-nio-8080-exec-9] DEBUG c.example.expenses.ExpenseController - Fetching all expenses
2026-04-21 22:44:04 [http-nio-8080-exec-10] DEBUG c.e.activities.ActivityController - Fetching all activities
2026-04-21 22:44:04 [http-nio-8080-exec-9] DEBUG org.hibernate.SQL - select e1_0.id,e1_0.activity_name,e1_0.amount,e1_0.date,e1_0.description,e1_0.name from expenses e1_0
2026-04-21 22:44:04 [http-nio-8080-exec-10] DEBUG org.hibernate.SQL - select a1_0.id,a1_0.activity_name,a1_0.description,a1_0.end_date,a1_0.estimation_cost,a1_0.start_date from activities a1_0
2026-04-21 22:44:04 [http-nio-8080-exec-9] INFO  c.example.expenses.ExpenseController - Retrieved 4 expenses
2026-04-21 22:44:04 [http-nio-8080-exec-10] INFO  c.e.activities.ActivityController - Retrieved 2 activities
2026-04-21 22:44:04 [http-nio-8080-exec-9] DEBUG o.s.w.s.m.m.a.HttpEntityMethodProcessor - Using 'application/json', given [application/json, text/plain, */*] and supported [application/json, application/*+json]
2026-04-21 22:44:04 [http-nio-8080-exec-10] DEBUG o.s.w.s.m.m.a.HttpEntityMethodProcessor - Using 'application/json', given [application/json, text/plain, */*] and supported [application/json, application/*+json]
2026-04-21 22:44:04 [http-nio-8080-exec-10] DEBUG o.s.w.s.m.m.a.HttpEntityMethodProcessor - Writing [[com.example.activities.Activity@72d10b3c, com.example.activities.Activity@3a374ebe]]
2026-04-21 22:44:04 [http-nio-8080-exec-9] DEBUG o.s.w.s.m.m.a.HttpEntityMethodProcessor - Writing [[com.example.expenses.Expense@19e6db32, com.example.expenses.Expense@67328b15, com.example.expenses. (truncated)...]
2026-04-21 22:44:04 [http-nio-8080-exec-10] DEBUG o.s.web.servlet.DispatcherServlet - Completed 200 OK
2026-04-21 22:44:04 [http-nio-8080-exec-9] DEBUG o.s.web.servlet.DispatcherServlet - Completed 200 OK
2026-04-21 22:44:13 [http-nio-8080-exec-1] DEBUG o.s.web.servlet.DispatcherServlet - GET "/village/potumeraka/events/showEvents", parameters={}
2026-04-21 22:44:13 [http-nio-8080-exec-1] DEBUG o.s.w.s.m.m.a.RequestMappingHandlerMapping - Mapped to com.example.events.EventController#getAllEvents()
2026-04-21 22:44:13 [http-nio-8080-exec-1] DEBUG com.example.events.EventController - Fetching all events
2026-04-21 22:44:13 [http-nio-8080-exec-1] DEBUG org.hibernate.SQL - select e1_0.id,e1_0.description,e1_0.end_date,e1_0.event_name,e1_0.start_date from events e1_0
2026-04-21 22:44:13 [http-nio-8080-exec-1] INFO  com.example.events.EventController - Retrieved 1 events
2026-04-21 22:44:13 [http-nio-8080-exec-1] DEBUG o.s.w.s.m.m.a.HttpEntityMethodProcessor - Using 'application/json', given [application/json, text/plain, */*] and supported [application/json, application/*+json]
2026-04-21 22:44:13 [http-nio-8080-exec-1] DEBUG o.s.w.s.m.m.a.HttpEntityMethodProcessor - Writing [[com.example.events.Event@41dfd044]]
2026-04-21 22:44:13 [http-nio-8080-exec-1] DEBUG o.s.web.servlet.DispatcherServlet - Completed 200 OK
2026-04-21 22:44:16 [http-nio-8080-exec-2] DEBUG o.s.web.servlet.DispatcherServlet - GET "/village/potumeraka/contributions/showContributions", parameters={}
2026-04-21 22:44:16 [http-nio-8080-exec-3] DEBUG o.s.web.servlet.DispatcherServlet - GET "/village/potumeraka/activities/showActivities", parameters={}
2026-04-21 22:44:16 [http-nio-8080-exec-2] DEBUG o.s.w.s.m.m.a.RequestMappingHandlerMapping - Mapped to com.example.contributions.ContributionController#getAllContributions(String)
2026-04-21 22:44:16 [http-nio-8080-exec-3] DEBUG o.s.w.s.m.m.a.RequestMappingHandlerMapping - Mapped to com.example.activities.ActivityController#getAllActivities()
2026-04-21 22:44:16 [http-nio-8080-exec-3] DEBUG c.e.activities.ActivityController - Fetching all activities
2026-04-21 22:44:16 [http-nio-8080-exec-2] DEBUG c.e.c.ContributionController - Fetching all contributions
2026-04-21 22:44:16 [http-nio-8080-exec-3] DEBUG org.hibernate.SQL - select a1_0.id,a1_0.activity_name,a1_0.description,a1_0.end_date,a1_0.estimation_cost,a1_0.start_date from activities a1_0
2026-04-21 22:44:16 [http-nio-8080-exec-2] DEBUG org.hibernate.SQL - select c1_0.id,c1_0.activity_name,c1_0.amount,c1_0.date,c1_0.email,c1_0.name,c1_0.phone_number from contributions c1_0
2026-04-21 22:44:16 [http-nio-8080-exec-3] INFO  c.e.activities.ActivityController - Retrieved 2 activities
2026-04-21 22:44:16 [http-nio-8080-exec-2] INFO  c.e.c.ContributionController - Retrieved 4 contributions
2026-04-21 22:44:16 [http-nio-8080-exec-3] DEBUG o.s.w.s.m.m.a.HttpEntityMethodProcessor - Using 'application/json', given [application/json, text/plain, */*] and supported [application/json, application/*+json]
2026-04-21 22:44:16 [http-nio-8080-exec-2] DEBUG o.s.w.s.m.m.a.HttpEntityMethodProcessor - Using 'application/json', given [application/json, text/plain, */*] and supported [application/json, application/*+json]
2026-04-21 22:44:16 [http-nio-8080-exec-2] DEBUG o.s.w.s.m.m.a.HttpEntityMethodProcessor - Writing [[com.example.contributions.Contribution@52dd321, com.example.contributions.Contribution@1011b5e3, co (truncated)...]
2026-04-21 22:44:16 [http-nio-8080-exec-3] DEBUG o.s.w.s.m.m.a.HttpEntityMethodProcessor - Writing [[com.example.activities.Activity@62dbbfc9, com.example.activities.Activity@32649bfa]]
2026-04-21 22:44:16 [http-nio-8080-exec-3] DEBUG o.s.web.servlet.DispatcherServlet - Completed 200 OK
2026-04-21 22:44:16 [http-nio-8080-exec-2] DEBUG o.s.web.servlet.DispatcherServlet - Completed 200 OK
2026-04-21 22:44:48 [http-nio-8080-exec-8] DEBUG o.s.web.servlet.DispatcherServlet - GET "/village/potumeraka/contributions/showContributions", parameters={}
2026-04-21 22:44:48 [http-nio-8080-exec-6] DEBUG o.s.web.servlet.DispatcherServlet - GET "/village/potumeraka/expenses/showExpenses", parameters={}
2026-04-21 22:44:48 [http-nio-8080-exec-4] DEBUG o.s.web.servlet.DispatcherServlet - GET "/village/potumeraka/activities/showActivities", parameters={}
2026-04-21 22:44:48 [http-nio-8080-exec-4] DEBUG o.s.w.s.m.m.a.RequestMappingHandlerMapping - Mapped to com.example.activities.ActivityController#getAllActivities()
2026-04-21 22:44:48 [http-nio-8080-exec-6] DEBUG o.s.w.s.m.m.a.RequestMappingHandlerMapping - Mapped to com.example.expenses.ExpenseController#getAllExpenses()
2026-04-21 22:44:48 [http-nio-8080-exec-8] DEBUG o.s.w.s.m.m.a.RequestMappingHandlerMapping - Mapped to com.example.contributions.ContributionController#getAllContributions(String)
2026-04-21 22:44:48 [http-nio-8080-exec-4] DEBUG c.e.activities.ActivityController - Fetching all activities
2026-04-21 22:44:48 [http-nio-8080-exec-6] DEBUG c.example.expenses.ExpenseController - Fetching all expenses
2026-04-21 22:44:48 [http-nio-8080-exec-8] DEBUG c.e.c.ContributionController - Fetching all contributions
2026-04-21 22:44:48 [http-nio-8080-exec-6] DEBUG org.hibernate.SQL - select e1_0.id,e1_0.activity_name,e1_0.amount,e1_0.date,e1_0.description,e1_0.name from expenses e1_0
2026-04-21 22:44:48 [http-nio-8080-exec-8] DEBUG org.hibernate.SQL - select c1_0.id,c1_0.activity_name,c1_0.amount,c1_0.date,c1_0.email,c1_0.name,c1_0.phone_number from contributions c1_0
2026-04-21 22:44:48 [http-nio-8080-exec-4] DEBUG org.hibernate.SQL - select a1_0.id,a1_0.activity_name,a1_0.description,a1_0.end_date,a1_0.estimation_cost,a1_0.start_date from activities a1_0
2026-04-21 22:44:48 [http-nio-8080-exec-8] INFO  c.e.c.ContributionController - Retrieved 4 contributions
2026-04-21 22:44:48 [http-nio-8080-exec-8] DEBUG o.s.w.s.m.m.a.HttpEntityMethodProcessor - Using 'application/json', given [application/json, text/plain, */*] and supported [application/json, application/*+json]
2026-04-21 22:44:48 [http-nio-8080-exec-8] DEBUG o.s.w.s.m.m.a.HttpEntityMethodProcessor - Writing [[com.example.contributions.Contribution@22cbdaf5, com.example.contributions.Contribution@597c9507, c (truncated)...]
2026-04-21 22:44:48 [http-nio-8080-exec-6] INFO  c.example.expenses.ExpenseController - Retrieved 4 expenses
2026-04-21 22:44:48 [http-nio-8080-exec-4] INFO  c.e.activities.ActivityController - Retrieved 2 activities
2026-04-21 22:44:48 [http-nio-8080-exec-6] DEBUG o.s.w.s.m.m.a.HttpEntityMethodProcessor - Using 'application/json', given [application/json, text/plain, */*] and supported [application/json, application/*+json]
2026-04-21 22:44:48 [http-nio-8080-exec-4] DEBUG o.s.w.s.m.m.a.HttpEntityMethodProcessor - Using 'application/json', given [application/json, text/plain, */*] and supported [application/json, application/*+json]
2026-04-21 22:44:48 [http-nio-8080-exec-6] DEBUG o.s.w.s.m.m.a.HttpEntityMethodProcessor - Writing [[com.example.expenses.Expense@5b243daa, com.example.expenses.Expense@7424e032, com.example.expenses. (truncated)...]
2026-04-21 22:44:48 [http-nio-8080-exec-4] DEBUG o.s.w.s.m.m.a.HttpEntityMethodProcessor - Writing [[com.example.activities.Activity@339624ac, com.example.activities.Activity@67e7bbd0]]
2026-04-21 22:44:48 [http-nio-8080-exec-8] DEBUG o.s.web.servlet.DispatcherServlet - Completed 200 OK
2026-04-21 22:44:48 [http-nio-8080-exec-4] DEBUG o.s.web.servlet.DispatcherServlet - Completed 200 OK
2026-04-21 22:44:48 [http-nio-8080-exec-6] DEBUG o.s.web.servlet.DispatcherServlet - Completed 200 OK
2026-04-21 22:45:36 [http-nio-8080-exec-7] DEBUG o.s.web.servlet.DispatcherServlet - GET "/village/potumeraka/contributions/showContributions", parameters={}
2026-04-21 22:45:36 [http-nio-8080-exec-9] DEBUG o.s.web.servlet.DispatcherServlet - GET "/village/potumeraka/activities/showActivities", parameters={}
2026-04-21 22:45:36 [http-nio-8080-exec-9] DEBUG o.s.w.s.m.m.a.RequestMappingHandlerMapping - Mapped to com.example.activities.ActivityController#getAllActivities()
2026-04-21 22:45:36 [http-nio-8080-exec-7] DEBUG o.s.w.s.m.m.a.RequestMappingHandlerMapping - Mapped to com.example.contributions.ContributionController#getAllContributions(String)
2026-04-21 22:45:36 [http-nio-8080-exec-9] DEBUG c.e.activities.ActivityController - Fetching all activities
2026-04-21 22:45:36 [http-nio-8080-exec-7] DEBUG c.e.c.ContributionController - Fetching all contributions
2026-04-21 22:45:36 [http-nio-8080-exec-9] DEBUG org.hibernate.SQL - select a1_0.id,a1_0.activity_name,a1_0.description,a1_0.end_date,a1_0.estimation_cost,a1_0.start_date from activities a1_0
2026-04-21 22:45:36 [http-nio-8080-exec-7] DEBUG org.hibernate.SQL - select c1_0.id,c1_0.activity_name,c1_0.amount,c1_0.date,c1_0.email,c1_0.name,c1_0.phone_number from contributions c1_0
2026-04-21 22:45:36 [http-nio-8080-exec-9] INFO  c.e.activities.ActivityController - Retrieved 2 activities
2026-04-21 22:45:36 [http-nio-8080-exec-7] INFO  c.e.c.ContributionController - Retrieved 4 contributions
2026-04-21 22:45:36 [http-nio-8080-exec-7] DEBUG o.s.w.s.m.m.a.HttpEntityMethodProcessor - Using 'application/json', given [application/json, text/plain, */*] and supported [application/json, application/*+json]
2026-04-21 22:45:36 [http-nio-8080-exec-9] DEBUG o.s.w.s.m.m.a.HttpEntityMethodProcessor - Using 'application/json', given [application/json, text/plain, */*] and supported [application/json, application/*+json]
2026-04-21 22:45:36 [http-nio-8080-exec-7] DEBUG o.s.w.s.m.m.a.HttpEntityMethodProcessor - Writing [[com.example.contributions.Contribution@5b396c6, com.example.contributions.Contribution@6b8851bb, co (truncated)...]
2026-04-21 22:45:36 [http-nio-8080-exec-9] DEBUG o.s.w.s.m.m.a.HttpEntityMethodProcessor - Writing [[com.example.activities.Activity@22471713, com.example.activities.Activity@4e2f4736]]
2026-04-21 22:45:36 [http-nio-8080-exec-9] DEBUG o.s.web.servlet.DispatcherServlet - Completed 200 OK
2026-04-21 22:45:36 [http-nio-8080-exec-7] DEBUG o.s.web.servlet.DispatcherServlet - Completed 200 OK
2026-04-21 22:46:18 [http-nio-8080-exec-1] DEBUG o.s.web.servlet.DispatcherServlet - GET "/village/potumeraka/expenses/showExpenses", parameters={}
2026-04-21 22:46:18 [http-nio-8080-exec-3] DEBUG o.s.web.servlet.DispatcherServlet - GET "/village/potumeraka/activities/showActivities", parameters={}
2026-04-21 22:46:18 [http-nio-8080-exec-1] DEBUG o.s.w.s.m.m.a.RequestMappingHandlerMapping - Mapped to com.example.expenses.ExpenseController#getAllExpenses()
2026-04-21 22:46:18 [http-nio-8080-exec-3] DEBUG o.s.w.s.m.m.a.RequestMappingHandlerMapping - Mapped to com.example.activities.ActivityController#getAllActivities()
2026-04-21 22:46:18 [http-nio-8080-exec-1] DEBUG c.example.expenses.ExpenseController - Fetching all expenses
2026-04-21 22:46:18 [http-nio-8080-exec-3] DEBUG c.e.activities.ActivityController - Fetching all activities
2026-04-21 22:46:18 [http-nio-8080-exec-1] DEBUG org.hibernate.SQL - select e1_0.id,e1_0.activity_name,e1_0.amount,e1_0.date,e1_0.description,e1_0.name from expenses e1_0
2026-04-21 22:46:18 [http-nio-8080-exec-3] DEBUG org.hibernate.SQL - select a1_0.id,a1_0.activity_name,a1_0.description,a1_0.end_date,a1_0.estimation_cost,a1_0.start_date from activities a1_0
2026-04-21 22:46:18 [http-nio-8080-exec-1] INFO  c.example.expenses.ExpenseController - Retrieved 4 expenses
2026-04-21 22:46:18 [http-nio-8080-exec-3] INFO  c.e.activities.ActivityController - Retrieved 2 activities
2026-04-21 22:46:18 [http-nio-8080-exec-1] DEBUG o.s.w.s.m.m.a.HttpEntityMethodProcessor - Using 'application/json', given [application/json, text/plain, */*] and supported [application/json, application/*+json]
2026-04-21 22:46:18 [http-nio-8080-exec-3] DEBUG o.s.w.s.m.m.a.HttpEntityMethodProcessor - Using 'application/json', given [application/json, text/plain, */*] and supported [application/json, application/*+json]
2026-04-21 22:46:18 [http-nio-8080-exec-3] DEBUG o.s.w.s.m.m.a.HttpEntityMethodProcessor - Writing [[com.example.activities.Activity@766c3ec4, com.example.activities.Activity@52036d52]]
2026-04-21 22:46:18 [http-nio-8080-exec-1] DEBUG o.s.w.s.m.m.a.HttpEntityMethodProcessor - Writing [[com.example.expenses.Expense@56a6139d, com.example.expenses.Expense@5be8aead, com.example.expenses. (truncated)...]
2026-04-21 22:46:18 [http-nio-8080-exec-1] DEBUG o.s.web.servlet.DispatcherServlet - Completed 200 OK
2026-04-21 22:46:18 [http-nio-8080-exec-3] DEBUG o.s.web.servlet.DispatcherServlet - Completed 200 OK
2026-04-21 22:46:50 [http-nio-8080-exec-4] DEBUG o.s.web.servlet.DispatcherServlet - GET "/village/potumeraka/expenses/showExpenses", parameters={}
2026-04-21 22:46:50 [http-nio-8080-exec-2] DEBUG o.s.web.servlet.DispatcherServlet - GET "/village/potumeraka/activities/showActivities", parameters={}
2026-04-21 22:46:50 [http-nio-8080-exec-5] DEBUG o.s.web.servlet.DispatcherServlet - GET "/village/potumeraka/contributions/showContributions", parameters={}
2026-04-21 22:46:50 [http-nio-8080-exec-4] DEBUG o.s.w.s.m.m.a.RequestMappingHandlerMapping - Mapped to com.example.expenses.ExpenseController#getAllExpenses()
2026-04-21 22:46:50 [http-nio-8080-exec-2] DEBUG o.s.w.s.m.m.a.RequestMappingHandlerMapping - Mapped to com.example.activities.ActivityController#getAllActivities()
2026-04-21 22:46:50 [http-nio-8080-exec-5] DEBUG o.s.w.s.m.m.a.RequestMappingHandlerMapping - Mapped to com.example.contributions.ContributionController#getAllContributions(String)
2026-04-21 22:46:50 [http-nio-8080-exec-2] DEBUG c.e.activities.ActivityController - Fetching all activities
2026-04-21 22:46:50 [http-nio-8080-exec-4] DEBUG c.example.expenses.ExpenseController - Fetching all expenses
2026-04-21 22:46:50 [http-nio-8080-exec-5] DEBUG c.e.c.ContributionController - Fetching all contributions
2026-04-21 22:46:50 [http-nio-8080-exec-5] DEBUG org.hibernate.SQL - select c1_0.id,c1_0.activity_name,c1_0.amount,c1_0.date,c1_0.email,c1_0.name,c1_0.phone_number from contributions c1_0
2026-04-21 22:46:50 [http-nio-8080-exec-2] DEBUG org.hibernate.SQL - select a1_0.id,a1_0.activity_name,a1_0.description,a1_0.end_date,a1_0.estimation_cost,a1_0.start_date from activities a1_0
2026-04-21 22:46:50 [http-nio-8080-exec-4] DEBUG org.hibernate.SQL - select e1_0.id,e1_0.activity_name,e1_0.amount,e1_0.date,e1_0.description,e1_0.name from expenses e1_0
2026-04-21 22:46:50 [http-nio-8080-exec-2] INFO  c.e.activities.ActivityController - Retrieved 2 activities
2026-04-21 22:46:50 [http-nio-8080-exec-5] INFO  c.e.c.ContributionController - Retrieved 4 contributions
2026-04-21 22:46:50 [http-nio-8080-exec-4] INFO  c.example.expenses.ExpenseController - Retrieved 4 expenses
2026-04-21 22:46:50 [http-nio-8080-exec-2] DEBUG o.s.w.s.m.m.a.HttpEntityMethodProcessor - Using 'application/json', given [application/json, text/plain, */*] and supported [application/json, application/*+json]
2026-04-21 22:46:50 [http-nio-8080-exec-5] DEBUG o.s.w.s.m.m.a.HttpEntityMethodProcessor - Using 'application/json', given [application/json, text/plain, */*] and supported [application/json, application/*+json]
2026-04-21 22:46:50 [http-nio-8080-exec-4] DEBUG o.s.w.s.m.m.a.HttpEntityMethodProcessor - Using 'application/json', given [application/json, text/plain, */*] and supported [application/json, application/*+json]
2026-04-21 22:46:50 [http-nio-8080-exec-5] DEBUG o.s.w.s.m.m.a.HttpEntityMethodProcessor - Writing [[com.example.contributions.Contribution@a407c82, com.example.contributions.Contribution@5b595632, co (truncated)...]
2026-04-21 22:46:50 [http-nio-8080-exec-2] DEBUG o.s.w.s.m.m.a.HttpEntityMethodProcessor - Writing [[com.example.activities.Activity@789b09f1, com.example.activities.Activity@64325c0e]]
2026-04-21 22:46:50 [http-nio-8080-exec-4] DEBUG o.s.w.s.m.m.a.HttpEntityMethodProcessor - Writing [[com.example.expenses.Expense@1be13ccd, com.example.expenses.Expense@19462217, com.example.expenses. (truncated)...]
2026-04-21 22:46:50 [http-nio-8080-exec-5] DEBUG o.s.web.servlet.DispatcherServlet - Completed 200 OK
2026-04-21 22:46:50 [http-nio-8080-exec-4] DEBUG o.s.web.servlet.DispatcherServlet - Completed 200 OK
2026-04-21 22:46:50 [http-nio-8080-exec-2] DEBUG o.s.web.servlet.DispatcherServlet - Completed 200 OK
2026-04-21 22:52:22 [http-nio-8080-exec-10] DEBUG o.s.web.servlet.DispatcherServlet - GET "/village/potumeraka/contributions/showContributions", parameters={}
2026-04-21 22:52:22 [http-nio-8080-exec-7] DEBUG o.s.web.servlet.DispatcherServlet - GET "/village/potumeraka/activities/showActivities", parameters={}
2026-04-21 22:52:22 [http-nio-8080-exec-10] DEBUG o.s.w.s.m.m.a.RequestMappingHandlerMapping - Mapped to com.example.contributions.ContributionController#getAllContributions(String)
2026-04-21 22:52:22 [http-nio-8080-exec-7] DEBUG o.s.w.s.m.m.a.RequestMappingHandlerMapping - Mapped to com.example.activities.ActivityController#getAllActivities()
2026-04-21 22:52:22 [http-nio-8080-exec-7] DEBUG c.e.activities.ActivityController - Fetching all activities
2026-04-21 22:52:22 [http-nio-8080-exec-10] DEBUG c.e.c.ContributionController - Fetching all contributions
2026-04-21 22:52:22 [http-nio-8080-exec-7] DEBUG org.hibernate.SQL - select a1_0.id,a1_0.activity_name,a1_0.description,a1_0.end_date,a1_0.estimation_cost,a1_0.start_date from activities a1_0
2026-04-21 22:52:22 [http-nio-8080-exec-10] DEBUG org.hibernate.SQL - select c1_0.id,c1_0.activity_name,c1_0.amount,c1_0.date,c1_0.email,c1_0.name,c1_0.phone_number from contributions c1_0
2026-04-21 22:52:22 [http-nio-8080-exec-10] INFO  c.e.c.ContributionController - Retrieved 4 contributions
2026-04-21 22:52:22 [http-nio-8080-exec-7] INFO  c.e.activities.ActivityController - Retrieved 2 activities
2026-04-21 22:52:22 [http-nio-8080-exec-10] DEBUG o.s.w.s.m.m.a.HttpEntityMethodProcessor - Using 'application/json', given [application/json, text/plain, */*] and supported [application/json, application/*+json]
2026-04-21 22:52:22 [http-nio-8080-exec-7] DEBUG o.s.w.s.m.m.a.HttpEntityMethodProcessor - Using 'application/json', given [application/json, text/plain, */*] and supported [application/json, application/*+json]
2026-04-21 22:52:22 [http-nio-8080-exec-7] DEBUG o.s.w.s.m.m.a.HttpEntityMethodProcessor - Writing [[com.example.activities.Activity@54d23335, com.example.activities.Activity@39fa34e9]]
2026-04-21 22:52:22 [http-nio-8080-exec-10] DEBUG o.s.w.s.m.m.a.HttpEntityMethodProcessor - Writing [[com.example.contributions.Contribution@1a43dd44, com.example.contributions.Contribution@694cdd3d, c (truncated)...]
2026-04-21 22:52:22 [http-nio-8080-exec-7] DEBUG o.s.web.servlet.DispatcherServlet - Completed 200 OK
2026-04-21 22:52:22 [http-nio-8080-exec-10] DEBUG o.s.web.servlet.DispatcherServlet - Completed 200 OK
2026-04-21 22:52:35 [http-nio-8080-exec-1] DEBUG o.s.web.servlet.DispatcherServlet - GET "/village/potumeraka/activities/showActivities", parameters={}
2026-04-21 22:52:35 [http-nio-8080-exec-3] DEBUG o.s.web.servlet.DispatcherServlet - GET "/village/potumeraka/expenses/showExpenses", parameters={}
2026-04-21 22:52:35 [http-nio-8080-exec-1] DEBUG o.s.w.s.m.m.a.RequestMappingHandlerMapping - Mapped to com.example.activities.ActivityController#getAllActivities()
2026-04-21 22:52:35 [http-nio-8080-exec-3] DEBUG o.s.w.s.m.m.a.RequestMappingHandlerMapping - Mapped to com.example.expenses.ExpenseController#getAllExpenses()
2026-04-21 22:52:35 [http-nio-8080-exec-3] DEBUG c.example.expenses.ExpenseController - Fetching all expenses
2026-04-21 22:52:35 [http-nio-8080-exec-1] DEBUG c.e.activities.ActivityController - Fetching all activities
2026-04-21 22:52:35 [http-nio-8080-exec-3] DEBUG org.hibernate.SQL - select e1_0.id,e1_0.activity_name,e1_0.amount,e1_0.date,e1_0.description,e1_0.name from expenses e1_0
2026-04-21 22:52:35 [http-nio-8080-exec-1] DEBUG org.hibernate.SQL - select a1_0.id,a1_0.activity_name,a1_0.description,a1_0.end_date,a1_0.estimation_cost,a1_0.start_date from activities a1_0
2026-04-21 22:52:35 [http-nio-8080-exec-3] INFO  c.example.expenses.ExpenseController - Retrieved 4 expenses
2026-04-21 22:52:35 [http-nio-8080-exec-1] INFO  c.e.activities.ActivityController - Retrieved 2 activities
2026-04-21 22:52:35 [http-nio-8080-exec-3] DEBUG o.s.w.s.m.m.a.HttpEntityMethodProcessor - Using 'application/json', given [application/json, text/plain, */*] and supported [application/json, application/*+json]
2026-04-21 22:52:35 [http-nio-8080-exec-1] DEBUG o.s.w.s.m.m.a.HttpEntityMethodProcessor - Using 'application/json', given [application/json, text/plain, */*] and supported [application/json, application/*+json]
2026-04-21 22:52:35 [http-nio-8080-exec-1] DEBUG o.s.w.s.m.m.a.HttpEntityMethodProcessor - Writing [[com.example.activities.Activity@f333036, com.example.activities.Activity@62cc1ba9]]
2026-04-21 22:52:35 [http-nio-8080-exec-3] DEBUG o.s.w.s.m.m.a.HttpEntityMethodProcessor - Writing [[com.example.expenses.Expense@7e66d094, com.example.expenses.Expense@7a60c42, com.example.expenses.E (truncated)...]
2026-04-21 22:52:35 [http-nio-8080-exec-1] DEBUG o.s.web.servlet.DispatcherServlet - Completed 200 OK
2026-04-21 22:52:35 [http-nio-8080-exec-3] DEBUG o.s.web.servlet.DispatcherServlet - Completed 200 OK
2026-04-21 22:52:43 [http-nio-8080-exec-4] DEBUG o.s.web.servlet.DispatcherServlet - GET "/village/potumeraka/activities/showActivities", parameters={}
2026-04-21 22:52:43 [http-nio-8080-exec-5] DEBUG o.s.web.servlet.DispatcherServlet - GET "/village/potumeraka/contributions/showContributions", parameters={}
2026-04-21 22:52:43 [http-nio-8080-exec-4] DEBUG o.s.w.s.m.m.a.RequestMappingHandlerMapping - Mapped to com.example.activities.ActivityController#getAllActivities()
2026-04-21 22:52:43 [http-nio-8080-exec-5] DEBUG o.s.w.s.m.m.a.RequestMappingHandlerMapping - Mapped to com.example.contributions.ContributionController#getAllContributions(String)
2026-04-21 22:52:43 [http-nio-8080-exec-2] DEBUG o.s.web.servlet.DispatcherServlet - GET "/village/potumeraka/expenses/showExpenses", parameters={}
2026-04-21 22:52:43 [http-nio-8080-exec-4] DEBUG c.e.activities.ActivityController - Fetching all activities
2026-04-21 22:52:43 [http-nio-8080-exec-5] DEBUG c.e.c.ContributionController - Fetching all contributions
2026-04-21 22:52:43 [http-nio-8080-exec-2] DEBUG o.s.w.s.m.m.a.RequestMappingHandlerMapping - Mapped to com.example.expenses.ExpenseController#getAllExpenses()
2026-04-21 22:52:43 [http-nio-8080-exec-2] DEBUG c.example.expenses.ExpenseController - Fetching all expenses
2026-04-21 22:52:43 [http-nio-8080-exec-4] DEBUG org.hibernate.SQL - select a1_0.id,a1_0.activity_name,a1_0.description,a1_0.end_date,a1_0.estimation_cost,a1_0.start_date from activities a1_0
2026-04-21 22:52:43 [http-nio-8080-exec-2] DEBUG org.hibernate.SQL - select e1_0.id,e1_0.activity_name,e1_0.amount,e1_0.date,e1_0.description,e1_0.name from expenses e1_0
2026-04-21 22:52:43 [http-nio-8080-exec-5] DEBUG org.hibernate.SQL - select c1_0.id,c1_0.activity_name,c1_0.amount,c1_0.date,c1_0.email,c1_0.name,c1_0.phone_number from contributions c1_0
2026-04-21 22:52:43 [http-nio-8080-exec-4] INFO  c.e.activities.ActivityController - Retrieved 2 activities
2026-04-21 22:52:43 [http-nio-8080-exec-2] INFO  c.example.expenses.ExpenseController - Retrieved 4 expenses
2026-04-21 22:52:43 [http-nio-8080-exec-5] INFO  c.e.c.ContributionController - Retrieved 4 contributions
2026-04-21 22:52:43 [http-nio-8080-exec-5] DEBUG o.s.w.s.m.m.a.HttpEntityMethodProcessor - Using 'application/json', given [application/json, text/plain, */*] and supported [application/json, application/*+json]
2026-04-21 22:52:43 [http-nio-8080-exec-2] DEBUG o.s.w.s.m.m.a.HttpEntityMethodProcessor - Using 'application/json', given [application/json, text/plain, */*] and supported [application/json, application/*+json]
2026-04-21 22:52:43 [http-nio-8080-exec-4] DEBUG o.s.w.s.m.m.a.HttpEntityMethodProcessor - Using 'application/json', given [application/json, text/plain, */*] and supported [application/json, application/*+json]
2026-04-21 22:52:43 [http-nio-8080-exec-5] DEBUG o.s.w.s.m.m.a.HttpEntityMethodProcessor - Writing [[com.example.contributions.Contribution@7c541070, com.example.contributions.Contribution@119577dc, c (truncated)...]
2026-04-21 22:52:43 [http-nio-8080-exec-4] DEBUG o.s.w.s.m.m.a.HttpEntityMethodProcessor - Writing [[com.example.activities.Activity@1d8b750e, com.example.activities.Activity@71b0a9b7]]
2026-04-21 22:52:43 [http-nio-8080-exec-2] DEBUG o.s.w.s.m.m.a.HttpEntityMethodProcessor - Writing [[com.example.expenses.Expense@1cc3502e, com.example.expenses.Expense@55ec27a3, com.example.expenses. (truncated)...]
2026-04-21 22:52:43 [http-nio-8080-exec-4] DEBUG o.s.web.servlet.DispatcherServlet - Completed 200 OK
2026-04-21 22:52:43 [http-nio-8080-exec-2] DEBUG o.s.web.servlet.DispatcherServlet - Completed 200 OK
2026-04-21 22:52:43 [http-nio-8080-exec-5] DEBUG o.s.web.servlet.DispatcherServlet - Completed 200 OK
